src/components/dashboard/CareChecklist.tsx(72,35): error TS2677: A type predicate's type must be assignable to its parameter's type.
  Type '{ kid: Kid; stage: StageInfo; }' is not assignable to type '{ kid: { id: any; first_name: any; expected_name: any; is_expecting: any; birth_date: any; due_date: any; }; stage: StageInfo; }'.
    Types of property 'kid' are incompatible.
      Type 'Kid' is not assignable to type '{ id: any; first_name: any; expected_name: any; is_expecting: any; birth_date: any; due_date: any; }'.
        Property 'expected_name' is optional in type 'Kid' but required in type '{ id: any; first_name: any; expected_name: any; is_expecting: any; birth_date: any; due_date: any; }'.
src/components/expert/ExpertProductsSection.tsx(67,55): error TS2551: Property 'deleteProduct' does not exist on type '{ getProducts(filters?: ProductFilters, page?: number, limit?: number): Promise<{ products: ProductWithDetails[]; total: number; hasMore: boolean; }>; ... 29 more ...; getExpertSalesAnalytics(expertId: string): Promise<...>; }'. Did you mean 'deleteProductFile'?
src/pages/Chat.tsx(186,30): error TS2339: Property 'preferred_language' does not exist on type '{ account_type: string; acquisition_source: string; created_at: string; custom_role: string; email: string; expecting_status: "yes" | "no" | "trying"; expert_accepts_new_clients: boolean; ... 32 more ...; updated_at: string; }'.
src/pages/Dashboard.tsx(68,23): error TS2339: Property 'acquisition_department' does not exist on type '{ account_type: string; acquisition_source: string; created_at: string; custom_role: string; email: string; expecting_status: "yes" | "no" | "trying"; expert_accepts_new_clients: boolean; ... 32 more ...; updated_at: string; }'.
src/pages/Dashboard.tsx(70,82): error TS2339: Property 'acquisition_department' does not exist on type '{ account_type: string; acquisition_source: string; created_at: string; custom_role: string; email: string; expecting_status: "yes" | "no" | "trying"; expert_accepts_new_clients: boolean; ... 32 more ...; updated_at: string; }'.
src/pages/Dashboard.tsx(80,47): error TS2339: Property 'acquisition_department' does not exist on type '{ account_type: string; acquisition_source: string; created_at: string; custom_role: string; email: string; expecting_status: "yes" | "no" | "trying"; expert_accepts_new_clients: boolean; ... 32 more ...; updated_at: string; }'.
src/pages/Dashboard.tsx(81,63): error TS2339: Property 'acquisition_department' does not exist on type '{ account_type: string; acquisition_source: string; created_at: string; custom_role: string; email: string; expecting_status: "yes" | "no" | "trying"; expert_accepts_new_clients: boolean; ... 32 more ...; updated_at: string; }'.
